// Jest Snapshot v1, https://goo.gl/fbAQLP

exports[`PathSVGRenderer renders 1`] = `
<_class
  model={
    Shape {
      "appearance": BasicAppearance {
        "fill": undefined,
        "stroke": undefined,
      },
      "geometry": PathGeometry {
        "points": Array [],
      },
    }
  }
  world={
    Transform {
      "anticlockwise": true,
      "rotate": 0,
      "scale": Object {
        "x": 1,
        "y": 1,
      },
      "translate": Object {
        "x": 0,
        "y": 0,
      },
    }
  }
/>
`;
