// Jest Snapshot v1, https://goo.gl/fbAQLP

exports[`TextSVGRenderer renders 1`] = `
<_class
  model={
    Shape {
      "appearance": BasicAppearance {
        "fill": undefined,
        "stroke": undefined,
      },
      "geometry": TextGeometry {
        "fontFamily": "sans-serif",
        "fontSize": "1em",
        "text": "",
        "textAlign": "start",
        "textBaseline": "alphabetic",
        "worldAlignment": false,
        "worldScale": false,
        "x": 0,
        "y": 0,
      },
    }
  }
  world={
    Transform {
      "anticlockwise": true,
      "rotate": 0.7853981633974483,
      "scale": Object {
        "x": -1,
        "y": -1,
      },
      "translate": Object {
        "x": 0,
        "y": 0,
      },
    }
  }
/>
`;
